2026-01-29 12:12:54 | INFO     | Logging system initialized.
2026-01-29 12:12:54 | INFO     | Starting the process at 2026-01-29 12:12:54.907667...
2026-01-29 12:12:54 | INFO     | Database is ready.
2026-01-29 12:12:54 | INFO     | Searching for movies on TMDB...
2026-01-29 12:13:57 | INFO     | Found 3620 movies to download.
2026-01-29 12:14:01 | INFO     | Saving batch 200 of 3620...
2026-01-29 12:14:03 | INFO     | Saving batch 400 of 3620...
2026-01-29 12:14:06 | INFO     | Saving batch 600 of 3620...
2026-01-29 12:14:08 | INFO     | Saving batch 800 of 3620...
2026-01-29 12:14:11 | INFO     | Saving batch 1000 of 3620...
2026-01-29 12:14:13 | INFO     | Saving batch 1200 of 3620...
2026-01-29 12:14:15 | INFO     | Saving batch 1400 of 3620...
2026-01-29 12:14:18 | INFO     | Saving batch 1600 of 3620...
2026-01-29 12:14:21 | INFO     | Saving batch 1800 of 3620...
2026-01-29 12:14:23 | INFO     | Saving batch 2000 of 3620...
2026-01-29 12:14:25 | INFO     | Saving batch 2200 of 3620...
2026-01-29 12:14:27 | INFO     | Saving batch 2400 of 3620...
2026-01-29 12:14:30 | INFO     | Saving batch 2600 of 3620...
2026-01-29 12:14:32 | INFO     | Saving batch 2800 of 3620...
2026-01-29 12:14:34 | INFO     | Saving batch 3000 of 3620...
2026-01-29 12:14:37 | INFO     | Saving batch 3200 of 3620...
2026-01-29 12:14:39 | INFO     | Saving batch 3400 of 3620...
2026-01-29 12:14:41 | INFO     | Saving batch 3600 of 3620...
2026-01-29 12:14:41 | WARNING  | Connection pool is full, discarding connection: api.themoviedb.org. Connection pool size: 10
2026-01-29 12:14:41 | WARNING  | Connection pool is full, discarding connection: api.themoviedb.org. Connection pool size: 10
2026-01-29 12:14:41 | WARNING  | Connection pool is full, discarding connection: api.themoviedb.org. Connection pool size: 10
2026-01-29 12:14:41 | WARNING  | Connection pool is full, discarding connection: api.themoviedb.org. Connection pool size: 10
2026-01-29 12:14:41 | WARNING  | Connection pool is full, discarding connection: api.themoviedb.org. Connection pool size: 10
2026-01-29 12:14:41 | WARNING  | Connection pool is full, discarding connection: api.themoviedb.org. Connection pool size: 10
2026-01-29 12:14:41 | WARNING  | Connection pool is full, discarding connection: api.themoviedb.org. Connection pool size: 10
2026-01-29 12:14:42 | WARNING  | Connection pool is full, discarding connection: api.themoviedb.org. Connection pool size: 10
2026-01-29 12:14:42 | WARNING  | Connection pool is full, discarding connection: api.themoviedb.org. Connection pool size: 10
2026-01-29 12:14:42 | WARNING  | Connection pool is full, discarding connection: api.themoviedb.org. Connection pool size: 10
2026-01-29 12:14:42 | INFO     | Saving batch 3620 of 3620...
2026-01-29 12:14:42 | INFO     | ETL Pipeline Finished
