2026-02-13 16:15:21 | INFO     | Logging system initialized.
2026-02-13 16:15:21 | INFO     | Starting the process at 2026-02-13 16:15:21.609721...
2026-02-13 16:15:21 | INFO     | Database is ready.
2026-02-13 16:15:21 | INFO     | Searching for movies on TMDB...
2026-02-13 16:16:46 | INFO     | Found 3192 movies to download.
2026-02-13 16:16:53 | INFO     | Saving batch 200 of 3192...
2026-02-13 16:16:58 | INFO     | Saving batch 400 of 3192...
2026-02-13 16:17:03 | INFO     | Saving batch 600 of 3192...
2026-02-13 16:17:08 | INFO     | Saving batch 800 of 3192...
2026-02-13 16:17:14 | INFO     | Saving batch 1000 of 3192...
2026-02-13 16:17:19 | INFO     | Saving batch 1200 of 3192...
2026-02-13 16:17:24 | INFO     | Saving batch 1400 of 3192...
2026-02-13 16:17:29 | INFO     | Saving batch 1600 of 3192...
2026-02-13 16:17:34 | INFO     | Saving batch 1800 of 3192...
2026-02-13 16:17:39 | INFO     | Saving batch 2000 of 3192...
2026-02-13 16:17:44 | INFO     | Saving batch 2200 of 3192...
2026-02-13 16:17:50 | INFO     | Saving batch 2400 of 3192...
2026-02-13 16:17:55 | INFO     | Saving batch 2600 of 3192...
2026-02-13 16:18:00 | INFO     | Saving batch 2800 of 3192...
2026-02-13 16:18:06 | INFO     | Saving batch 3000 of 3192...
2026-02-13 16:18:11 | INFO     | Saving batch 3192 of 3192...
2026-02-13 16:18:11 | INFO     | ETL Pipeline Finished
