2026-02-13 16:35:05 | INFO     | Logging system initialized.
2026-02-13 16:35:05 | INFO     | Starting the process at 2026-02-13 16:35:05.193528...
2026-02-13 16:35:05 | INFO     | Database is ready.
2026-02-13 16:35:05 | INFO     | Generated 3120 URLs to scan for candidates. Starting parallel scan...
2026-02-13 16:35:10 | INFO     | Scanned 500/3120 candidate pages...
2026-02-13 16:35:13 | INFO     | Scanned 1000/3120 candidate pages...
2026-02-13 16:35:25 | INFO     | Scanned 1500/3120 candidate pages...
2026-02-13 16:35:38 | INFO     | Scanned 2000/3120 candidate pages...
2026-02-13 16:35:50 | INFO     | Scanned 2500/3120 candidate pages...
2026-02-13 16:36:02 | INFO     | Scanned 3000/3120 candidate pages...
2026-02-13 16:36:06 | INFO     | Found 38406 unique movies to download. Proceeding to detail extraction...
2026-02-13 16:36:09 | INFO     | Saving batch ending at index 200...
2026-02-13 16:36:12 | INFO     | Saving batch ending at index 400...
2026-02-13 16:36:15 | INFO     | Processed details for 500/38406 movies...
2026-02-13 16:36:17 | INFO     | Saving batch ending at index 600...
2026-02-13 16:36:20 | INFO     | Saving batch ending at index 800...
2026-02-13 16:36:24 | INFO     | Processed details for 1000/38406 movies...
2026-02-13 16:36:24 | INFO     | Saving batch ending at index 1000...
2026-02-13 16:36:28 | INFO     | Saving batch ending at index 1200...
2026-02-13 16:36:33 | INFO     | Saving batch ending at index 1400...
2026-02-13 16:36:35 | INFO     | Processed details for 1500/38406 movies...
2026-02-13 16:36:38 | INFO     | Saving batch ending at index 1600...
2026-02-13 16:36:42 | INFO     | Saving batch ending at index 1800...
2026-02-13 16:36:46 | INFO     | Processed details for 2000/38406 movies...
2026-02-13 16:36:46 | INFO     | Saving batch ending at index 2000...
2026-02-13 16:36:50 | INFO     | Saving batch ending at index 2200...
2026-02-13 16:36:54 | INFO     | Saving batch ending at index 2400...
2026-02-13 16:36:56 | INFO     | Processed details for 2500/38406 movies...
2026-02-13 16:36:58 | INFO     | Saving batch ending at index 2600...
2026-02-13 16:37:02 | INFO     | Saving batch ending at index 2800...
2026-02-13 16:37:06 | INFO     | Processed details for 3000/38406 movies...
2026-02-13 16:37:06 | INFO     | Saving batch ending at index 3000...
2026-02-13 16:37:11 | INFO     | Saving batch ending at index 3200...
2026-02-13 16:37:14 | INFO     | Saving batch ending at index 3400...
2026-02-13 16:37:16 | INFO     | Processed details for 3500/38406 movies...
2026-02-13 16:37:18 | INFO     | Saving batch ending at index 3600...
2026-02-13 16:37:23 | INFO     | Saving batch ending at index 3800...
2026-02-13 16:37:27 | INFO     | Processed details for 4000/38406 movies...
2026-02-13 16:37:27 | INFO     | Saving batch ending at index 4000...
2026-02-13 16:37:31 | INFO     | Saving batch ending at index 4200...
2026-02-13 16:37:35 | INFO     | Saving batch ending at index 4400...
2026-02-13 16:37:37 | INFO     | Processed details for 4500/38406 movies...
2026-02-13 16:37:39 | INFO     | Saving batch ending at index 4600...
2026-02-13 16:37:43 | INFO     | Saving batch ending at index 4800...
2026-02-13 16:37:48 | INFO     | Processed details for 5000/38406 movies...
2026-02-13 16:37:48 | INFO     | Saving batch ending at index 5000...
2026-02-13 16:37:52 | INFO     | Saving batch ending at index 5200...
2026-02-13 16:37:56 | INFO     | Saving batch ending at index 5400...
2026-02-13 16:37:59 | INFO     | Processed details for 5500/38406 movies...
2026-02-13 16:38:01 | INFO     | Saving batch ending at index 5600...
2026-02-13 16:38:06 | INFO     | Saving batch ending at index 5800...
2026-02-13 16:38:10 | INFO     | Processed details for 6000/38406 movies...
2026-02-13 16:38:10 | INFO     | Saving batch ending at index 6000...
2026-02-13 16:38:14 | INFO     | Saving batch ending at index 6200...
2026-02-13 16:38:19 | INFO     | Saving batch ending at index 6400...
2026-02-13 16:38:21 | INFO     | Processed details for 6500/38406 movies...
2026-02-13 16:38:23 | INFO     | Saving batch ending at index 6600...
2026-02-13 16:38:28 | INFO     | Saving batch ending at index 6800...
2026-02-13 16:38:32 | INFO     | Processed details for 7000/38406 movies...
2026-02-13 16:38:32 | INFO     | Saving batch ending at index 7000...
2026-02-13 16:38:37 | INFO     | Saving batch ending at index 7200...
2026-02-13 16:38:41 | INFO     | Saving batch ending at index 7400...
2026-02-13 16:38:44 | INFO     | Processed details for 7500/38406 movies...
2026-02-13 16:38:46 | INFO     | Saving batch ending at index 7600...
2026-02-13 16:38:51 | INFO     | Saving batch ending at index 7800...
2026-02-13 16:38:55 | INFO     | Processed details for 8000/38406 movies...
2026-02-13 16:38:55 | INFO     | Saving batch ending at index 8000...
2026-02-13 16:39:00 | INFO     | Saving batch ending at index 8200...
2026-02-13 16:39:04 | INFO     | Saving batch ending at index 8400...
2026-02-13 16:39:07 | INFO     | Processed details for 8500/38406 movies...
2026-02-13 16:39:09 | INFO     | Saving batch ending at index 8600...
2026-02-13 16:39:13 | INFO     | Saving batch ending at index 8800...
2026-02-13 16:39:16 | WARNING  | Retrying (Retry(total=2, connect=None, read=None, redirect=None, status=None)) after connection broken by 'ReadTimeoutError("HTTPSConnectionPool(host='api.themoviedb.org', port=443): Read timed out. (read timeout=10)")': /3/movie/283445?api_key=5f251118816a7c98052c91711ddc28f5&append_to_response=credits,release_dates
2026-02-13 16:39:18 | INFO     | Processed details for 9000/38406 movies...
2026-02-13 16:39:18 | INFO     | Saving batch ending at index 9000...
2026-02-13 16:39:22 | INFO     | Saving batch ending at index 9200...
2026-02-13 16:39:27 | INFO     | Saving batch ending at index 9400...
2026-02-13 16:39:29 | INFO     | Processed details for 9500/38406 movies...
2026-02-13 16:39:32 | INFO     | Saving batch ending at index 9600...
2026-02-13 16:39:37 | INFO     | Saving batch ending at index 9800...
2026-02-13 16:39:41 | INFO     | Processed details for 10000/38406 movies...
2026-02-13 16:39:41 | INFO     | Saving batch ending at index 10000...
2026-02-13 16:39:46 | INFO     | Saving batch ending at index 10200...
2026-02-13 16:39:50 | INFO     | Saving batch ending at index 10400...
2026-02-13 16:39:52 | INFO     | Processed details for 10500/38406 movies...
2026-02-13 16:39:55 | INFO     | Saving batch ending at index 10600...
2026-02-13 16:40:00 | INFO     | Saving batch ending at index 10800...
2026-02-13 16:40:04 | INFO     | Processed details for 11000/38406 movies...
2026-02-13 16:40:04 | INFO     | Saving batch ending at index 11000...
2026-02-13 16:40:09 | INFO     | Saving batch ending at index 11200...
2026-02-13 16:40:14 | INFO     | Saving batch ending at index 11400...
2026-02-13 16:40:16 | INFO     | Processed details for 11500/38406 movies...
2026-02-13 16:40:18 | INFO     | Saving batch ending at index 11600...
2026-02-13 16:40:23 | INFO     | Saving batch ending at index 11800...
2026-02-13 16:40:27 | INFO     | Processed details for 12000/38406 movies...
2026-02-13 16:40:27 | INFO     | Saving batch ending at index 12000...
2026-02-13 16:40:32 | INFO     | Saving batch ending at index 12200...
2026-02-13 16:40:38 | INFO     | Saving batch ending at index 12400...
2026-02-13 16:40:40 | INFO     | Processed details for 12500/38406 movies...
2026-02-13 16:40:43 | INFO     | Saving batch ending at index 12600...
2026-02-13 16:40:47 | INFO     | Saving batch ending at index 12800...
2026-02-13 16:40:52 | INFO     | Processed details for 13000/38406 movies...
2026-02-13 16:40:52 | INFO     | Saving batch ending at index 13000...
2026-02-13 16:40:56 | INFO     | Saving batch ending at index 13200...
2026-02-13 16:41:01 | INFO     | Saving batch ending at index 13400...
2026-02-13 16:41:03 | INFO     | Processed details for 13500/38406 movies...
2026-02-13 16:41:06 | INFO     | Saving batch ending at index 13600...
2026-02-13 16:41:11 | INFO     | Saving batch ending at index 13800...
2026-02-13 16:41:15 | INFO     | Processed details for 14000/38406 movies...
2026-02-13 16:41:15 | INFO     | Saving batch ending at index 14000...
2026-02-13 16:41:20 | INFO     | Saving batch ending at index 14200...
2026-02-13 16:41:25 | INFO     | Saving batch ending at index 14400...
2026-02-13 16:41:27 | INFO     | Processed details for 14500/38406 movies...
2026-02-13 16:41:29 | INFO     | Saving batch ending at index 14600...
2026-02-13 16:41:34 | INFO     | Saving batch ending at index 14800...
2026-02-13 16:41:39 | INFO     | Processed details for 15000/38406 movies...
2026-02-13 16:41:39 | INFO     | Saving batch ending at index 15000...
2026-02-13 16:41:44 | INFO     | Saving batch ending at index 15200...
2026-02-13 16:41:49 | INFO     | Saving batch ending at index 15400...
2026-02-13 16:41:52 | INFO     | Processed details for 15500/38406 movies...
2026-02-13 16:41:54 | INFO     | Saving batch ending at index 15600...
2026-02-13 16:41:59 | INFO     | Saving batch ending at index 15800...
2026-02-13 16:41:59 | WARNING  | Retrying (Retry(total=2, connect=None, read=None, redirect=None, status=None)) after connection broken by 'ReadTimeoutError("HTTPSConnectionPool(host='api.themoviedb.org', port=443): Read timed out. (read timeout=10)")': /3/movie/305655?api_key=5f251118816a7c98052c91711ddc28f5&append_to_response=credits,release_dates
2026-02-13 16:42:03 | INFO     | Processed details for 16000/38406 movies...
2026-02-13 16:42:03 | INFO     | Saving batch ending at index 16000...
2026-02-13 16:42:08 | INFO     | Saving batch ending at index 16200...
2026-02-13 16:42:12 | INFO     | Saving batch ending at index 16400...
2026-02-13 16:42:14 | INFO     | Processed details for 16500/38406 movies...
2026-02-13 16:42:17 | INFO     | Saving batch ending at index 16600...
2026-02-13 16:42:22 | INFO     | Saving batch ending at index 16800...
2026-02-13 16:42:26 | INFO     | Processed details for 17000/38406 movies...
2026-02-13 16:42:26 | INFO     | Saving batch ending at index 17000...
2026-02-13 16:42:31 | INFO     | Saving batch ending at index 17200...
2026-02-13 16:42:35 | INFO     | Saving batch ending at index 17400...
2026-02-13 16:42:38 | INFO     | Processed details for 17500/38406 movies...
2026-02-13 16:42:40 | INFO     | Saving batch ending at index 17600...
2026-02-13 16:42:44 | INFO     | Saving batch ending at index 17800...
2026-02-13 16:42:49 | INFO     | Processed details for 18000/38406 movies...
2026-02-13 16:42:49 | INFO     | Saving batch ending at index 18000...
2026-02-13 16:42:54 | INFO     | Saving batch ending at index 18200...
2026-02-13 16:42:59 | INFO     | Saving batch ending at index 18400...
2026-02-13 16:43:01 | INFO     | Processed details for 18500/38406 movies...
2026-02-13 16:43:04 | INFO     | Saving batch ending at index 18600...
2026-02-13 16:43:08 | INFO     | Saving batch ending at index 18800...
2026-02-13 16:43:13 | INFO     | Processed details for 19000/38406 movies...
2026-02-13 16:43:13 | INFO     | Saving batch ending at index 19000...
2026-02-13 16:43:17 | INFO     | Saving batch ending at index 19200...
2026-02-13 16:43:22 | INFO     | Saving batch ending at index 19400...
2026-02-13 16:43:24 | INFO     | Processed details for 19500/38406 movies...
2026-02-13 16:43:26 | INFO     | Saving batch ending at index 19600...
2026-02-13 16:43:31 | INFO     | Saving batch ending at index 19800...
2026-02-13 16:43:35 | INFO     | Processed details for 20000/38406 movies...
2026-02-13 16:43:35 | INFO     | Saving batch ending at index 20000...
2026-02-13 16:43:40 | INFO     | Saving batch ending at index 20200...
2026-02-13 16:43:45 | INFO     | Saving batch ending at index 20400...
2026-02-13 16:43:47 | INFO     | Processed details for 20500/38406 movies...
2026-02-13 16:43:49 | INFO     | Saving batch ending at index 20600...
2026-02-13 16:43:54 | INFO     | Saving batch ending at index 20800...
2026-02-13 16:43:54 | WARNING  | Retrying (Retry(total=2, connect=None, read=None, redirect=None, status=None)) after connection broken by 'ReadTimeoutError("HTTPSConnectionPool(host='api.themoviedb.org', port=443): Read timed out. (read timeout=10)")': /3/movie/1108211?api_key=5f251118816a7c98052c91711ddc28f5&append_to_response=credits,release_dates
2026-02-13 16:43:59 | INFO     | Processed details for 21000/38406 movies...
2026-02-13 16:43:59 | INFO     | Saving batch ending at index 21000...
2026-02-13 16:44:03 | INFO     | Saving batch ending at index 21200...
2026-02-13 16:44:08 | INFO     | Saving batch ending at index 21400...
2026-02-13 16:44:10 | INFO     | Processed details for 21500/38406 movies...
2026-02-13 16:44:12 | INFO     | Saving batch ending at index 21600...
2026-02-13 16:44:18 | INFO     | Saving batch ending at index 21800...
2026-02-13 16:44:22 | INFO     | Processed details for 22000/38406 movies...
2026-02-13 16:44:22 | INFO     | Saving batch ending at index 22000...
2026-02-13 16:44:27 | INFO     | Saving batch ending at index 22200...
2026-02-13 16:44:32 | INFO     | Saving batch ending at index 22400...
2026-02-13 16:44:34 | INFO     | Processed details for 22500/38406 movies...
2026-02-13 16:44:36 | INFO     | Saving batch ending at index 22600...
2026-02-13 16:44:41 | INFO     | Saving batch ending at index 22800...
2026-02-13 16:44:45 | INFO     | Processed details for 23000/38406 movies...
2026-02-13 16:44:45 | INFO     | Saving batch ending at index 23000...
2026-02-13 16:44:50 | INFO     | Saving batch ending at index 23200...
2026-02-13 16:44:55 | INFO     | Saving batch ending at index 23400...
2026-02-13 16:44:57 | INFO     | Processed details for 23500/38406 movies...
2026-02-13 16:45:00 | INFO     | Saving batch ending at index 23600...
2026-02-13 16:45:04 | INFO     | Saving batch ending at index 23800...
2026-02-13 16:45:09 | INFO     | Processed details for 24000/38406 movies...
2026-02-13 16:45:09 | INFO     | Saving batch ending at index 24000...
2026-02-13 16:45:13 | INFO     | Saving batch ending at index 24200...
2026-02-13 16:45:18 | INFO     | Saving batch ending at index 24400...
2026-02-13 16:45:20 | INFO     | Processed details for 24500/38406 movies...
2026-02-13 16:45:23 | INFO     | Saving batch ending at index 24600...
2026-02-13 16:45:27 | INFO     | Saving batch ending at index 24800...
2026-02-13 16:45:32 | INFO     | Processed details for 25000/38406 movies...
2026-02-13 16:45:32 | INFO     | Saving batch ending at index 25000...
2026-02-13 16:45:36 | INFO     | Saving batch ending at index 25200...
2026-02-13 16:45:41 | INFO     | Saving batch ending at index 25400...
2026-02-13 16:45:43 | INFO     | Processed details for 25500/38406 movies...
2026-02-13 16:45:46 | INFO     | Saving batch ending at index 25600...
2026-02-13 16:45:51 | INFO     | Saving batch ending at index 25800...
2026-02-13 16:45:56 | INFO     | Processed details for 26000/38406 movies...
2026-02-13 16:45:56 | INFO     | Saving batch ending at index 26000...
2026-02-13 16:46:01 | INFO     | Saving batch ending at index 26200...
2026-02-13 16:46:06 | INFO     | Saving batch ending at index 26400...
2026-02-13 16:46:08 | INFO     | Processed details for 26500/38406 movies...
2026-02-13 16:46:10 | INFO     | Saving batch ending at index 26600...
2026-02-13 16:46:15 | INFO     | Saving batch ending at index 26800...
2026-02-13 16:46:20 | INFO     | Processed details for 27000/38406 movies...
2026-02-13 16:46:20 | INFO     | Saving batch ending at index 27000...
2026-02-13 16:46:24 | INFO     | Saving batch ending at index 27200...
2026-02-13 16:46:29 | INFO     | Saving batch ending at index 27400...
2026-02-13 16:46:31 | INFO     | Processed details for 27500/38406 movies...
2026-02-13 16:46:33 | INFO     | Saving batch ending at index 27600...
2026-02-13 16:46:38 | INFO     | Saving batch ending at index 27800...
2026-02-13 16:46:43 | INFO     | Processed details for 28000/38406 movies...
2026-02-13 16:46:43 | INFO     | Saving batch ending at index 28000...
2026-02-13 16:46:47 | INFO     | Saving batch ending at index 28200...
2026-02-13 16:46:52 | INFO     | Saving batch ending at index 28400...
2026-02-13 16:46:55 | INFO     | Processed details for 28500/38406 movies...
2026-02-13 16:46:57 | INFO     | Saving batch ending at index 28600...
2026-02-13 16:47:01 | INFO     | Saving batch ending at index 28800...
2026-02-13 16:47:06 | INFO     | Processed details for 29000/38406 movies...
2026-02-13 16:47:06 | INFO     | Saving batch ending at index 29000...
2026-02-13 16:47:11 | INFO     | Saving batch ending at index 29200...
2026-02-13 16:47:16 | INFO     | Saving batch ending at index 29400...
2026-02-13 16:47:18 | INFO     | Processed details for 29500/38406 movies...
2026-02-13 16:47:20 | INFO     | Saving batch ending at index 29600...
2026-02-13 16:47:25 | INFO     | Saving batch ending at index 29800...
2026-02-13 16:47:30 | INFO     | Processed details for 30000/38406 movies...
2026-02-13 16:47:30 | INFO     | Saving batch ending at index 30000...
2026-02-13 16:47:35 | INFO     | Saving batch ending at index 30200...
2026-02-13 16:47:39 | INFO     | Saving batch ending at index 30400...
2026-02-13 16:47:42 | INFO     | Processed details for 30500/38406 movies...
2026-02-13 16:47:44 | INFO     | Saving batch ending at index 30600...
2026-02-13 16:47:45 | WARNING  | Retrying (Retry(total=2, connect=None, read=None, redirect=None, status=None)) after connection broken by 'ReadTimeoutError("HTTPSConnectionPool(host='api.themoviedb.org', port=443): Read timed out. (read timeout=10)")': /3/movie/882251?api_key=5f251118816a7c98052c91711ddc28f5&append_to_response=credits,release_dates
2026-02-13 16:47:49 | INFO     | Saving batch ending at index 30800...
2026-02-13 16:47:54 | INFO     | Processed details for 31000/38406 movies...
2026-02-13 16:47:54 | INFO     | Saving batch ending at index 31000...
2026-02-13 16:47:59 | INFO     | Saving batch ending at index 31200...
2026-02-13 16:48:03 | INFO     | Saving batch ending at index 31400...
2026-02-13 16:48:06 | INFO     | Processed details for 31500/38406 movies...
2026-02-13 16:48:08 | INFO     | Saving batch ending at index 31600...
2026-02-13 16:48:13 | INFO     | Saving batch ending at index 31800...
2026-02-13 16:48:18 | INFO     | Processed details for 32000/38406 movies...
2026-02-13 16:48:18 | INFO     | Saving batch ending at index 32000...
2026-02-13 16:48:22 | INFO     | Saving batch ending at index 32200...
2026-02-13 16:48:27 | INFO     | Saving batch ending at index 32400...
2026-02-13 16:48:29 | INFO     | Processed details for 32500/38406 movies...
2026-02-13 16:48:32 | INFO     | Saving batch ending at index 32600...
2026-02-13 16:48:36 | INFO     | Saving batch ending at index 32800...
2026-02-13 16:48:41 | INFO     | Processed details for 33000/38406 movies...
2026-02-13 16:48:41 | INFO     | Saving batch ending at index 33000...
2026-02-13 16:48:45 | INFO     | Saving batch ending at index 33200...
2026-02-13 16:48:50 | INFO     | Saving batch ending at index 33400...
2026-02-13 16:48:52 | INFO     | Processed details for 33500/38406 movies...
2026-02-13 16:48:54 | INFO     | Saving batch ending at index 33600...
2026-02-13 16:48:59 | INFO     | Saving batch ending at index 33800...
2026-02-13 16:49:03 | INFO     | Processed details for 34000/38406 movies...
2026-02-13 16:49:03 | INFO     | Saving batch ending at index 34000...
2026-02-13 16:49:08 | INFO     | Saving batch ending at index 34200...
2026-02-13 16:49:12 | INFO     | Saving batch ending at index 34400...
2026-02-13 16:49:14 | INFO     | Processed details for 34500/38406 movies...
2026-02-13 16:49:17 | INFO     | Saving batch ending at index 34600...
2026-02-13 16:49:21 | INFO     | Saving batch ending at index 34800...
2026-02-13 16:49:26 | INFO     | Processed details for 35000/38406 movies...
2026-02-13 16:49:26 | INFO     | Saving batch ending at index 35000...
2026-02-13 16:49:30 | INFO     | Saving batch ending at index 35200...
2026-02-13 16:49:35 | INFO     | Saving batch ending at index 35400...
2026-02-13 16:49:37 | INFO     | Processed details for 35500/38406 movies...
2026-02-13 16:49:39 | INFO     | Saving batch ending at index 35600...
2026-02-13 16:49:44 | INFO     | Saving batch ending at index 35800...
2026-02-13 16:49:48 | INFO     | Processed details for 36000/38406 movies...
2026-02-13 16:49:48 | INFO     | Saving batch ending at index 36000...
2026-02-13 16:49:53 | INFO     | Saving batch ending at index 36200...
2026-02-13 16:49:58 | INFO     | Saving batch ending at index 36400...
2026-02-13 16:50:00 | INFO     | Processed details for 36500/38406 movies...
2026-02-13 16:50:03 | INFO     | Saving batch ending at index 36600...
2026-02-13 16:50:08 | INFO     | Saving batch ending at index 36800...
2026-02-13 16:50:13 | INFO     | Processed details for 37000/38406 movies...
2026-02-13 16:50:13 | INFO     | Saving batch ending at index 37000...
2026-02-13 16:50:17 | INFO     | Saving batch ending at index 37200...
2026-02-13 16:50:22 | INFO     | Saving batch ending at index 37400...
2026-02-13 16:50:24 | INFO     | Processed details for 37500/38406 movies...
2026-02-13 16:50:26 | INFO     | Saving batch ending at index 37600...
2026-02-13 16:50:31 | INFO     | Saving batch ending at index 37800...
2026-02-13 16:50:35 | WARNING  | Retrying (Retry(total=2, connect=None, read=None, redirect=None, status=None)) after connection broken by 'ReadTimeoutError("HTTPSConnectionPool(host='api.themoviedb.org', port=443): Read timed out. (read timeout=10)")': /3/movie/520765?api_key=5f251118816a7c98052c91711ddc28f5&append_to_response=credits,release_dates
2026-02-13 16:50:36 | INFO     | Processed details for 38000/38406 movies...
2026-02-13 16:50:36 | INFO     | Saving batch ending at index 38000...
2026-02-13 16:50:40 | INFO     | Saving batch ending at index 38200...
2026-02-13 16:50:45 | INFO     | Saving batch ending at index 38400...
2026-02-13 16:50:46 | INFO     | Saving batch ending at index 38406...
2026-02-13 16:50:46 | INFO     | ETL Pipeline Finished
