2026-02-13 22:35:35,614 | INFO | Loading CLEANED raw data from SQL Server...
2026-02-13 22:35:35,922 | INFO | Retrieved 7213 verified theatrical films.
2026-02-13 22:35:35,923 | INFO | Adjusting Budget & Revenue for Inflation (Base 2024)...
2026-02-13 22:35:37,302 | INFO | Starting Time-Travel Feature Engineering...
2026-02-13 22:35:37,483 | INFO |    Processed 0/7213 movies...
2026-02-13 22:35:38,435 | INFO |    Processed 2000/7213 movies...
2026-02-13 22:35:39,484 | INFO |    Processed 4000/7213 movies...
2026-02-13 22:35:40,478 | INFO |    Processed 6000/7213 movies...
2026-02-13 22:35:41,272 | INFO | Encoding Genres...
2026-02-13 22:35:41,819 | INFO | Encoding Metadata...
2026-02-13 22:35:41,926 | INFO | Feature Engineering Complete!
2026-02-13 22:35:41,926 | INFO | -> Saved file to: C:\Ki_4\Movie Analysis and Recommendation\data\AI_Training_Data.csv
2026-02-13 23:35:49,157 | INFO | Loading raw data from SQL Server...
2026-02-13 23:35:49,493 | INFO | Adjusting Budget & Revenue for Inflation (Base 2024)...
2026-02-13 23:35:50,312 | INFO | Starting Time-Travel Feature Engineering...
2026-02-13 23:35:51,287 | INFO |    Processed 2000/7213 movies...
2026-02-13 23:35:52,099 | INFO |    Processed 4000/7213 movies...
2026-02-13 23:35:52,917 | INFO |    Processed 6000/7213 movies...
2026-02-13 23:35:53,489 | INFO | Encoding Genres...
2026-02-13 23:35:53,814 | INFO | Encoding Metadata...
2026-02-13 23:35:53,878 | INFO | Feature Engineering Complete!
2026-02-13 23:35:53,878 | INFO | -> Saved file to: C:\Ki_4\Movie Analysis and Recommendation\data\AI_Training_Data.csv
