2026-02-14 00:08:55,501 | INFO | Encoding overviews with BERT...
2026-02-14 00:08:55,502 | INFO | Use pytorch device_name: cpu
2026-02-14 00:08:55,503 | INFO | Load pretrained SentenceTransformer: all-MiniLM-L6-v2
2026-02-14 00:09:37,831 | INFO | Optuna Phase 1: Tuning LightGBM...
2026-02-14 00:09:57,391 | INFO | Optuna Phase 2: Tuning XGBoost...
2026-02-14 00:10:27,017 | INFO | Optuna Phase 3: Tuning GradientBoosting...
2026-02-14 00:18:55,287 | INFO | Training Final Stacking Model with all optimized hyper-parameters...
2026-02-14 00:20:15,716 | INFO | ------------------------------
2026-02-14 00:20:15,724 | INFO | Random Split + Full Optuna Accuracy (R2): 0.6410
2026-02-14 00:20:15,724 | INFO | RMSE Error: 1.0799
2026-02-14 00:20:15,724 | INFO | ------------------------------
2026-02-14 00:21:50,509 | INFO | Training complete. Models and Feature Importance chart deployed.
2026-02-14 13:28:34,756 | INFO | Encoding overviews with BERT...
2026-02-14 13:28:34,758 | INFO | Use pytorch device_name: cpu
2026-02-14 13:28:34,758 | INFO | Load pretrained SentenceTransformer: all-MiniLM-L6-v2
2026-02-14 13:29:13,819 | INFO | Optuna Phase 1: Tuning LightGBM...
2026-02-14 13:29:29,161 | INFO | Optuna Phase 2: Tuning XGBoost...
2026-02-14 13:29:54,414 | INFO | Optuna Phase 3: Tuning GradientBoosting...
2026-02-14 13:38:17,729 | INFO | =========================================================
2026-02-14 13:38:17,729 | INFO |        BENCHMARKING ALL MODELS FOR README.MD             
2026-02-14 13:38:17,730 | INFO | =========================================================
2026-02-14 13:38:17,746 | INFO | | Linear Regression        | RMSE: 1.1362 | R2: 0.6026 |
2026-02-14 13:38:19,146 | INFO | | XGBoost                  | RMSE: 1.0800 | R2: 0.6409 |
2026-02-14 13:38:20,103 | INFO | | LightGBM                 | RMSE: 1.0851 | R2: 0.6375 |
2026-02-14 13:38:46,851 | INFO | | GradientBoosting         | RMSE: 1.0817 | R2: 0.6398 |
2026-02-14 13:38:46,851 | INFO | =========================================================
2026-02-14 13:38:46,851 | INFO | Training Final Stacking Model...
2026-02-14 13:39:55,343 | INFO | =========================================================
2026-02-14 13:39:55,343 | INFO | | **Stacking Ensemble (Final)** | RMSE: 1.0786 | R2: 0.6419 |
2026-02-14 13:39:55,343 | INFO | =========================================================
2026-02-14 13:41:07,948 | INFO | Training complete. Benchmarking data ready.
