2026-02-13 14:05:34,683 | INFO | Starting training pipeline...
2026-02-13 14:05:36,280 | INFO | Initializing Sentence Transformer (BERT)...
2026-02-13 14:05:36,280 | INFO | Use pytorch device_name: cpu
2026-02-13 14:05:36,281 | INFO | Load pretrained SentenceTransformer: all-MiniLM-L6-v2
2026-02-13 14:05:51,709 | INFO | Encoding overviews...
2026-02-13 14:06:39,346 | INFO | Total samples: 7403
2026-02-13 14:06:39,346 | INFO | Starting Time-Series Cross-Validation (5 Splits)...
2026-02-13 14:06:39,350 | INFO | Optimizing XGBoost hyperparameters on first fold...
2026-02-13 14:26:54,161 | INFO | Fold 1 | Test Period: 2005.0-2009.0 | R2: 0.5402 | RMSE: 1.6791 | MAE: 1.2289
2026-02-13 14:53:33,364 | INFO | Fold 2 | Test Period: 2009.0-2012.0 | R2: 0.5377 | RMSE: 1.7586 | MAE: 1.2457
2026-02-13 15:09:57,592 | INFO | Encoding overviews with BERT...
2026-02-13 15:09:57,593 | INFO | Use pytorch device_name: cpu
2026-02-13 15:09:57,593 | INFO | Load pretrained SentenceTransformer: all-MiniLM-L6-v2
2026-02-13 15:10:42,154 | INFO | Reducing dimensions with PCA...
2026-02-13 15:10:42,196 | INFO | Splitting data based on Time-Series...
2026-02-13 15:10:42,200 | INFO | Running Optuna for LightGBM...
2026-02-13 15:11:17,863 | INFO | Best LGBM Params: {'n_estimators': 516, 'learning_rate': 0.015015345359772699, 'num_leaves': 20, 'max_depth': 10, 'subsample': 0.7050761925252605, 'colsample_bytree': 0.6660176504235453}
2026-02-13 15:14:08,005 | INFO | Out-of-Time Accuracy (R2): 0.5618
2026-02-13 15:14:08,005 | INFO | Out-of-Time RMSE: 1.1549
2026-02-13 15:17:21,730 | INFO | Training complete.
2026-02-13 22:48:48,408 | INFO | Encoding overviews with BERT...
2026-02-13 22:48:48,409 | INFO | Use pytorch device_name: cpu
2026-02-13 22:48:48,410 | INFO | Load pretrained SentenceTransformer: all-MiniLM-L6-v2
2026-02-13 22:49:48,124 | INFO | Reducing dimensions with PCA...
2026-02-13 22:49:48,167 | INFO | Splitting data based on Time-Series...
2026-02-13 22:49:48,173 | INFO | Running Optuna for LightGBM...
2026-02-13 22:50:52,593 | INFO | Best LGBM Params: {'n_estimators': 909, 'learning_rate': 0.010076480088161279, 'num_leaves': 27, 'max_depth': 10, 'subsample': 0.764964469059724, 'colsample_bytree': 0.6285078632547182}
2026-02-13 22:54:09,483 | INFO | Out-of-Time Accuracy (R2): 0.4969
2026-02-13 22:54:09,483 | INFO | Out-of-Time RMSE: 1.6042
2026-02-13 22:57:59,147 | INFO | Training complete.
2026-02-13 23:08:00,479 | INFO | Encoding overviews with BERT...
2026-02-13 23:08:00,480 | INFO | Use pytorch device_name: cpu
2026-02-13 23:08:00,480 | INFO | Load pretrained SentenceTransformer: all-MiniLM-L6-v2
2026-02-13 23:08:57,673 | INFO | Running Optuna for LightGBM...
2026-02-13 23:09:48,034 | INFO | Best LGBM Params: {'n_estimators': 652, 'learning_rate': 0.005663615073248513, 'num_leaves': 43, 'max_depth': 8, 'subsample': 0.8466728205352271, 'colsample_bytree': 0.6111954557868226, 'min_child_samples': 37}
2026-02-13 23:12:08,308 | INFO | Out-of-Time Accuracy (R2): 0.4979
2026-02-13 23:12:08,308 | INFO | Out-of-Time RMSE: 1.6026
2026-02-13 23:14:27,862 | INFO | Training complete.
2026-02-13 23:36:10,181 | INFO | Encoding overviews with BERT...
2026-02-13 23:36:10,182 | INFO | Use pytorch device_name: cpu
2026-02-13 23:36:10,182 | INFO | Load pretrained SentenceTransformer: all-MiniLM-L6-v2
2026-02-13 23:36:58,022 | INFO | Splitting data based on Time-Series Split...
2026-02-13 23:36:58,025 | INFO | Running Optuna for LightGBM...
2026-02-13 23:37:29,510 | INFO | Best LGBM Params: {'n_estimators': 733, 'learning_rate': 0.007916738388275796, 'num_leaves': 53, 'max_depth': 3, 'subsample': 0.6119927666910372, 'colsample_bytree': 0.6769909968000589, 'min_child_samples': 25}
2026-02-13 23:39:05,590 | INFO | Time-Series Split Accuracy (R2): 0.4934
2026-02-13 23:39:05,590 | INFO | Time-Series Split RMSE: 1.6098
2026-02-13 23:41:14,370 | INFO | Training complete.
2026-02-13 23:45:35,964 | INFO | Directory check: Saving models to -> C:\Ki_4\Movie Analysis and Recommendation\models
2026-02-13 23:45:35,964 | INFO | Starting Final Model Pipeline...
2026-02-13 23:45:35,964 | INFO | Loading knowledge base from SQL Server...
2026-02-13 23:45:36,520 | INFO | Processing data...
2026-02-13 23:45:36,536 | INFO | Training data loaded successfully from CSV: 7213 records.
2026-02-13 23:45:36,617 | INFO | Encoding overviews with BERT (Semantic Understanding)...
2026-02-13 23:45:36,618 | INFO | Use pytorch device_name: cpu
2026-02-13 23:45:36,619 | INFO | Load pretrained SentenceTransformer: all-MiniLM-L6-v2
2026-02-13 23:46:20,278 | INFO | Splitting data (85% Train - 15% Test)...
2026-02-13 23:46:20,281 | INFO | Running Optuna Optimization for LightGBM...
2026-02-13 23:46:55,810 | INFO | Best LGBM Params found by Optuna: {'n_estimators': 1686, 'learning_rate': 0.010029157795629066, 'num_leaves': 41, 'max_depth': 4, 'subsample': 0.8071162255639917, 'colsample_bytree': 0.6725612166231117, 'min_child_samples': 40}
2026-02-13 23:46:55,810 | INFO | Training Advanced Stacking Model...
2026-02-13 23:48:41,259 | INFO | Encoding overviews with BERT...
2026-02-13 23:48:41,260 | INFO | Use pytorch device_name: cpu
2026-02-13 23:48:41,260 | INFO | Load pretrained SentenceTransformer: all-MiniLM-L6-v2
2026-02-13 23:49:24,105 | INFO | Optuna Phase 1: Tuning LightGBM...
2026-02-13 23:49:40,189 | INFO | Optuna Phase 2: Tuning XGBoost...
2026-02-13 23:50:09,677 | INFO | Optuna Phase 3: Tuning GradientBoosting...
2026-02-13 23:57:12,414 | INFO | Training Final Stacking Model with all optimized hyper-parameters...
2026-02-13 23:58:51,992 | INFO | ------------------------------
2026-02-13 23:58:51,992 | INFO | Random Split + Full Optuna Accuracy (R2): 0.6408
2026-02-13 23:58:51,993 | INFO | RMSE Error: 1.0802
2026-02-13 23:58:51,993 | INFO | ------------------------------
2026-02-14 00:01:19,228 | INFO | Training complete. Models deployed.
